    Finished `test` profile [optimized + debuginfo] target(s) in 0.02s
     Running tests/main.rs (/Users/david/dev/battlegame/target/wt/procedural-map-systems/debug/deps/sim-63553882ad9685fe)

running 16 tests

thread 'buildings::garrison_capability_requires_an_authored_aggregate_and_an_exposed_span' (4330156) panicked at crates/sim/src/world/mod.rs:103:13:
garrison-capable authored bodies require a placed aggregate
note: run with `RUST_BACKTRACE=1` environment variable to display a backtrace
test buildings::authored_parts_share_one_bounded_dense_namespace_with_ordinary_props ... ok
test buildings::singleton_destroyable_remains_keep_the_original_digest_trace ... ok
test buildings::building_membership_and_added_physical_facts_are_authoritative_digest_state ... ok
test buildings::one_blast_wears_the_owner_once_by_its_nearest_part ... ok
test buildings::seating_uses_only_exposed_compound_spans ... ok
test buildings::compound_damageable_remains_have_one_fresh_integrity_per_state ... ok

thread 'buildings::aggregate_motion_is_rejected_while_ordinary_movable_bodies_keep_working' (4330151) panicked at crates/sim/src/world/mod.rs:110:13:
assertion `left == right` failed: placed aggregates require immovable bodies until composite motion exists
  left: Light
 right: Immovable

thread 'buildings::garrison_capability_requires_an_authored_aggregate_and_an_exposed_span' (4330156) panicked at crates/sim/src/world/mod.rs:115:13:
garrison-capable aggregates require an exposed physical span
test buildings::garrison_capability_requires_an_authored_aggregate_and_an_exposed_span ... ok
test buildings::ordinary_authored_remains_keep_their_source_while_dynamic_remains_have_none ... ok
test buildings::owner_collapse_replaces_every_part_atomically ... ok
test buildings::public_geometry_ids_use_one_exact_limb_pair_and_keep_physical_columns ... ok
test buildings::aggregate_motion_is_rejected_while_ordinary_movable_bodies_keep_working ... ok
test buildings::stepped_facade_eyes_stay_outside_every_shell_and_fire_past_the_whole_owner ... ok
test buildings::different_clicked_parts_claim_one_building_in_the_same_tick ... ok
test buildings::seeing_one_part_reveals_all_replacements_but_hidden_sides_keep_prior_state ... ok
test buildings::a_holdable_replacement_uses_current_parts_and_its_fresh_owner ... ok
test buildings::singleton_cutover_preserves_frozen_observations_digests_queries_and_seats ... ok

test result: ok. 16 passed; 0 failed; 0 ignored; 0 measured; 373 filtered out; finished in 3.16s

