sa6-unbridged-river 0.0s V2 { x: 100.0, y: 5600.0 }
sa6-unbridged-river 0.4s V2 { x: 100.0, y: 5600.0 }
sa6-unbridged-river 2.0s V2 { x: 100.0, y: 5600.0 }
sa6-unbridged-river 10.0s V2 { x: 100.0, y: 5600.0 }
sa6-unbridged-river diagnostic check false
sa6-unbridged-river diagnostic check true
sa6-unbridged-river diagnostic check true
sa6-distant-bridge 0.0s V2 { x: 100.0, y: 5600.0 }
sa6-distant-bridge 0.4s V2 { x: 100.0, y: 5600.0 }
sa6-distant-bridge 2.0s V2 { x: 100.0, y: 5600.0 }
sa6-distant-bridge 10.0s V2 { x: 100.0, y: 5600.0 }
sa6-distant-bridge 50.0s V2 { x: 100.0, y: 5600.0 }
sa6-distant-bridge 100.0s V2 { x: 100.0, y: 5600.0 }
sa6-distant-bridge 200.0s V2 { x: 100.0, y: 5600.0 }
sa6-distant-bridge 300.0s V2 { x: 100.0, y: 5600.0 }
sa6-distant-bridge 450.0s V2 { x: 100.0, y: 5600.0 }
sa6-distant-bridge 600.0s V2 { x: 100.0, y: 5600.0 }
sa6-distant-bridge diagnostic check false
sa6-distant-bridge diagnostic check true
sa6-distant-bridge diagnostic check true
sa6-distant-bridge diagnostic check true
sa6-distant-bridge diagnostic check true
