Jevgrep: 33 relevant files.
Symbols use name@start-end. Roles are estimates; locations-only files remain reading leads.
AGENTS.md lookup (root and returned-file ancestors): none found.
- "sim/src/battle.rs" — implementation, helper; locations only
- "mapgen/src/lib.rs" — implementation, helper; source below
- "sim/src/world/mod.rs" — implementation, helper; locations only
- "sim/src/village/mod.rs" — implementation, caller, fixture, helper; locations only
- "sim/src/garrison.rs" — implementation, helper; locations only
- "mapgen/tests/compiler.rs" — caller, test, fixture, helper; source below
- "contract/src/identity.rs" — helper; locations only
- "sim/tests/village.rs" — caller, test, fixture, helper; locations only
- "sim/src/endurance.rs" — fixture, helper; locations only
- "game-wasm/src/lib.rs" — helper; locations only
- "sim/src/fixtures.rs" — fixture, helper; locations only
- "mapgen/src/main.rs" — caller, helper; locations only
- "sim/tests/endurance.rs" — caller, test, fixture, helper; locations only
- "sim/tests/common/mod.rs" — caller, fixture, helper; locations only
- "sim/tests/bodies.rs" — test, fixture, helper; locations only
- "sim/tests/sensing.rs" — test, fixture, helper; locations only
- "contract/tests/templates.rs" — test, fixture, helper; locations only
- "sim/tests/sight.rs" — caller, test, fixture, helper; locations only
- "sim/tests/contacts.rs" — test, fixture, helper; locations only
- "sim/tests/battle_authority.rs" — test, fixture, helper; locations only
- "sim/src/village/scripts.rs" — fixture, helper; locations only
- "sim/tests/guidance.rs" — test, fixture, helper; locations only
- "mapgen/README.md" — helper; locations only
- "sim/tests/supply.rs" — test, fixture, helper; locations only
- "sim/tests/movement_scenarios.rs" — test, fixture, helper; locations only
- "sim/tests/fire_through.rs" — test, fixture, helper; locations only
- "sim/tests/movement.rs" — test, fixture, helper; locations only
- "sim/tests/animation_feed.rs" — test, fixture, helper; locations only
- "sim/tests/destruction.rs" — test, fixture, helper; locations only
- "sim/examples/navigation_equivalence.rs" — test, fixture, helper; locations only
- "sim/examples/village_report.rs" — fixture, helper; locations only
- "sim/examples/ground_resources.rs" — test, fixture; locations only
- "sim/examples/endurance_report.rs" — caller, fixture, helper; locations only
End file list. Declaration locations follow source.

Source block "mapgen/src/lib.rs" lines 335-412:
```
        map.buildings.push(building);
    }
    let authored = map.authored_props().map_err(|message| {
        vec![Diagnostic {
            code: DiagnosticCode::InvalidAuthoredIds,
            feature: None,
            location: "$.plan".into(),
            message,
        }]
    })?;
    for (id, prop) in &authored {
        let feature = request
            .plan
            .buildings
            .iter()
            .find(|building| building.parts.iter().any(|part| part.prop == *id))
            .map(|building| building.id.clone());
        let location = format!("$.plan.authored_parts[{id}]");
        let bounds = prop.footprint_bounds().map_err(|message| {
            vec![Diagnostic {
                code: DiagnosticCode::InvalidBounds,
                feature: feature.clone(),
                location: location.clone(),
                message: message.into(),
            }]
        })?;
        if bounds[0] < 0.0 || bounds[1] < 0.0 || bounds[2] > map.size[0] || bounds[3] > map.size[1]
        {
            return Err(vec![Diagnostic {
                code: DiagnosticCode::InvalidBounds,
                feature,
                location,
                message: "physical body extends outside the map bounds".into(),
            }]);
        }
    }
    let identity = GenerationIdentity {
        generator_version: request.generator_version.clone(),
        preset_revision: request.preset_revision.clone(),
        seed: request.seed,
        config_hash: contract::identity::json_hash(&request.plan).map_err(|error| {
            vec![Diagnostic {
                code: DiagnosticCode::InvalidRequest,
                feature: None,
                location: "$.plan".into(),
                message: error.to_string(),
            }]
        })?,
        template_catalog_hash: catalogue.hash().into(),
        map_hash: contract::identity::json_hash(&map).map_err(|error| {
            vec![Diagnostic {
                code: DiagnosticCode::InvalidRequest,
                feature: None,
                location: "$.plan".into(),
                message: error.to_string(),
            }]
        })?,
    };
    Ok(GeneratedMap {
        map,
        identity,
        report: CompileReport {
            authored_parts: authored_parts as u32,
            bay_positions,
            limits: request.limits,
        },
    })
}

fn complexity(location: &str, message: &str) -> Vec<Diagnostic> {
    vec![Diagnostic {
        code: DiagnosticCode::ComplexityLimit,
        feature: None,
        location: location.into(),
        message: message.into(),
    }]
}

```

Source block "mapgen/tests/compiler.rs" lines 139-394:
```
                code: mapgen::DiagnosticCode::UnsupportedPlanField,
                feature: None,
                location: format!("$.plan.{field}"),
                message: format!("{field} has no admitted compiler geometry owner in this pass"),
            }]
        );
    }
}

#[test]
fn ordinary_physical_coordinates_retain_the_supplied_f64_token() {
    let source = serde_json::to_string(&request())
        .unwrap()
        .replace("100.0,100.0", "40.000000000168804,100.0");
    assert!(source.contains("40.000000000168804"));
    let input: CompileRequest = serde_json::from_str(&source).unwrap();
    let map = lower(&input, &catalogue()).unwrap().map;
    assert_eq!(map.props[0].center[0].to_bits(), 0x4044000000005ccd);
    let saved = serde_json::to_string(&map).unwrap();
    let loaded: contract::map::MapDefinition = serde_json::from_str(&saved).unwrap();
    assert_eq!(
        loaded.props[0].center[0].to_bits(),
        map.props[0].center[0].to_bits()
    );
}

#[test]
fn playable_bounds_admit_the_architecture_envelope_and_refuse_larger_maps() {
    let mut input = request();
    input.plan.size = [20_000.0, 20_000.0];
    assert_eq!(
        lower(&input, &catalogue()).unwrap().map.size,
        input.plan.size
    );
    for size in [[20_000.001, 20_000.0], [20_000.0, 20_000.001]] {
        input.plan.size = size;
        assert_eq!(
            lower(&input, &catalogue()).unwrap_err(),
            vec![mapgen::Diagnostic {
                code: mapgen::DiagnosticCode::InvalidBounds,
                feature: None,
                location: "$.plan.size".into(),
                message: "playable map bounds exceed the 20000 metre architecture envelope".into(),
            }]
        );
    }
}

#[test]
fn building_feature_ids_identify_one_placement_in_diagnostics() {
    let mut input = request();
    input.plan.buildings.push(input.plan.buildings[0].clone());
    let error = lower(&input, &catalogue()).unwrap_err();
    assert_eq!(
        error[0],
        mapgen::Diagnostic {
            code: mapgen::DiagnosticCode::InvalidRequest,
            feature: Some("compound".into()),
            location: "$.plan.buildings[1].id".into(),
            message: "building feature IDs must be nonempty and unique".into(),
        }
    );
    input.plan.buildings.truncate(1);
    input.plan.buildings[0].id.clear();
    assert_eq!(
        lower(&input, &catalogue()).unwrap_err()[0].location,
        "$.plan.buildings[0].id"
    );
}

#[test]
fn native_cli_saves_the_same_physical_map_and_lossless_identity() {
    let directory =
        std::env::temp_dir().join(format!("mapgen-native-proof-{}", std::process::id()));
    std::fs::create_dir_all(&directory).unwrap();
    let request_path = directory.join("request.json");
    let catalogue_path = directory.join("catalogue.json");
    let output_path = directory.join("saved");
    let input: CompileRequest = serde_json::from_str(include_str!(
        "../../../specs/city-maps/assets/map-compiler/request.json"
    ))
    .unwrap();
    let expected = lower(&input, &catalogue()).unwrap();
    std::fs::write(&request_path, serde_json::to_string(&input).unwrap()).unwrap();
    std::fs::write(
        &catalogue_path,
        serde_json::to_string(catalogue().templates()).unwrap(),
    )
    .unwrap();
    let process = std::process::Command::new(env!("CARGO_BIN_EXE_mapgen"))
        .arg("lower")
        .arg(&request_path)
        .arg(&catalogue_path)
        .arg(&output_path)
        .output()
        .unwrap();
    assert!(
        process.status.success(),
        "{}",
        String::from_utf8_lossy(&process.stderr)
    );
    #[derive(serde::Deserialize)]
    struct RawOutcome {
        status: String,
        result: Box<serde_json::value::RawValue>,
    }
    let result: RawOutcome = serde_json::from_slice(&process.stdout).unwrap();
    assert_eq!(result.status, "ok");
    assert_eq!(
        result.result.get(),
        serde_json::to_string(&expected).unwrap()
    );
    let saved = std::fs::read_to_string(output_path.join("map.json")).unwrap();
    let map: contract::map::MapDefinition = serde_json::from_str(&saved).unwrap();
    let identity: contract::identity::GenerationIdentity =
        serde_json::from_str(&std::fs::read_to_string(output_path.join("SOURCES.json")).unwrap())
            .unwrap();
    assert_eq!(identity, expected.identity);
    assert_eq!(
        contract::identity::json_hash(&map).unwrap(),
        identity.map_hash
    );
    assert_eq!(saved, serde_json::to_string(&expected.map).unwrap());
    std::fs::remove_dir_all(directory).unwrap();
}

#[test]
fn saved_map_scalars_preserve_the_compiled_physical_identity() {
    let mut input = request();
    input.plan.slope_cutoff_deg = 40.000000000168804;
    input.plan.fog_cell_m = 40.000000000168804;
    input.plan.height_grid_m = 40.000000000168804;
    input.plan.size[0] = 140.0000000001688;
    let result = lower(&input, &catalogue()).unwrap();
    let saved = serde_json::to_string(&result.map).unwrap();
    let reloaded: contract::map::MapDefinition = serde_json::from_str(&saved).unwrap();
    assert_eq!(
        reloaded.slope_cutoff_deg.to_bits(),
        input.plan.slope_cutoff_deg.to_bits()
    );
    assert_eq!(
        reloaded.fog_cell_m.to_bits(),
        input.plan.fog_cell_m.to_bits()
    );
    assert_eq!(
        reloaded.height_grid_m.to_bits(),
        input.plan.height_grid_m.to_bits()
    );
    assert_eq!(reloaded.size, input.plan.size);
    assert_eq!(
        contract::identity::json_hash(&reloaded).unwrap(),
        result.identity.map_hash
    );
}

#[test]
fn native_cli_replays_the_frozen_acceptance_and_refusal_records() {
    #[derive(serde::Deserialize)]
    struct Corpus {
        cases: Vec<Record>,
    }
    #[derive(serde::Deserialize)]
    struct Record {
        name: String,
        request_json: String,
        native_outcome: String,
        exit_code: i32,
    }
    let corpus: Corpus = serde_json::from_str(include_str!(
        "../../../specs/city-maps/assets/map-compiler/paired-records.json"
    ))
    .unwrap();
    let directory =
        std::env::temp_dir().join(format!("mapgen-replay-proof-{}", std::process::id()));
    std::fs::create_dir_all(&directory).unwrap();
    let request_path = directory.join("request.json");
    let catalogue_path = directory.join("catalogue.json");
    std::fs::write(
        &catalogue_path,
        format!(
            "[{}]",
            include_str!("../../../specs/city-maps/assets/template-geometry/asymmetric.json")
        ),
    )
    .unwrap();
    for record in corpus.cases {
        std::fs::write(&request_path, &record.request_json).unwrap();
        let process = std::process::Command::new(env!("CARGO_BIN_EXE_mapgen"))
            .arg("lower")
            .arg(&request_path)
            .arg(&catalogue_path)
            .output()
            .unwrap();
        assert_eq!(
            process.status.code(),
            Some(record.exit_code),
            "{}",
            record.name
        );
        assert_eq!(
            String::from_utf8(process.stdout).unwrap(),
            record.native_outcome + "\n",
            "{}",
            record.name
        );
    }
    std::fs::remove_dir_all(directory).unwrap();
}

#[test]
fn generation_identity_requires_named_version_identifiers() {
    for field in ["generator_version", "preset_revision"] {
        let mut input = request();
        match field {
            "generator_version" => input.generator_version.clear(),
            _ => input.preset_revision = "  ".into(),
        }
        assert_eq!(
            lower(&input, &catalogue()).unwrap_err(),
            vec![mapgen::Diagnostic {
                code: mapgen::DiagnosticCode::InvalidRequest,
                feature: None,
                location: format!("$.{field}"),
                message: "generation version identifiers must be nonempty".into(),
            }]
        );
    }
}

#[test]
fn the_shared_surface_schema_accepts_empty_layers_but_refuses_unadmitted_geometry() {
    let source = serde_json::to_string(&request()).unwrap();
    let empty = source.replace("\"size\":", "\"surfaces\":[],\"size\":");
    let input: CompileRequest = serde_json::from_str(&empty).unwrap();
    assert_eq!(
        lower(&input, &catalogue()).unwrap().identity,
        lower(&request(), &catalogue()).unwrap().identity
    );
    let nonempty = source.replace("\"size\":",r#""surfaces":[{"kind":"road","shape":{"kind":"stroke","points":[[0,0],[10,10]],"width_m":4}}],"size":"#);
    let input: CompileRequest = serde_json::from_str(&nonempty).unwrap();
    assert_eq!(
        lower(&input, &catalogue()).unwrap_err(),
        vec![mapgen::Diagnostic {
            code: mapgen::DiagnosticCode::UnsupportedPlanField,
            feature: None,
            location: "$.plan.surfaces".into(),
            message: "surfaces require shared contract geometry admission in this pass".into(),
        }]
    );
}

#[test]
fn an_implicit_ground_base_cannot_admit_an_infinite_box_height() {
    let mut input = request();
    input.plan.props[0].geometry.half_extents[2] = 1e308;
    assert_eq!(
```

Declaration locations:
- "sim/src/battle.rs"
  source@1-66
  source@67-164
  source@165-245
  source@246-317
  source@318-390
  source@391-453
  source@454-528
  source@529-613
  source@614-692
  source@693-756
  source@757-834
  source@835-921
  source@922-992
  source@993-1063
- "mapgen/src/lib.rs"
  source@1-93
  source@94-177
  source@178-259
  source@260-337
  source@338-411
- "sim/src/world/mod.rs"
  source@1-94
  source@95-165
  source@166-234
  source@235-317
  source@318-390
  source@391-478
  source@479-556
  source@557-642
- "sim/src/village/mod.rs"
  source@1-89
  source@90-172
  source@173-242
  source@243-321
  source@322-410
  source@411-436
- "sim/src/garrison.rs"
  source@1-73
  source@74-151
  source@152-228
  source@229-311
  source@312-394
  source@395-477
  source@478-539
  source@540-605
  source@606-673
  source@674-756
  source@757-836
  source@837-878
- "mapgen/tests/compiler.rs"
  source@1-67
  source@68-141
  source@142-221
  source@222-309
  source@310-391
  source@392-403
- "contract/src/identity.rs"
  source@1-55
- "sim/tests/village.rs"
  source@1-86
  source@87-168
  source@169-240
  source@241-330
  source@331-397
- "sim/src/endurance.rs"
  source@1-67
  source@68-136
  source@137-214
  source@215-245
- "game-wasm/src/lib.rs"
  source@70-155
  source@156-255
  source@256-332
  source@333-411
  source@412-481
  source@482-562
  source@563-632
  source@633-666
- "sim/src/fixtures.rs"
  source@1-74
  source@75-85
- "mapgen/src/main.rs"
- "sim/tests/endurance.rs"
  source@1-41
- "sim/tests/common/mod.rs"
  source@1-86
  source@87-174
  source@175-280
  source@281-374
  source@375-434
- "sim/tests/bodies.rs"
  source@1-80
  source@81-154
  source@155-233
  source@234-314
  source@315-395
  source@396-415
- "sim/tests/sensing.rs"
  source@1-90
  source@91-175
  source@176-265
  source@266-315
- "contract/tests/templates.rs"
  source@1-77
  source@78-153
  source@154-242
  source@243-335
  source@336-435
  source@436-478
- "sim/tests/sight.rs"
  source@1-84
  source@85-161
  source@162-235
  source@236-322
  source@323-371
- "sim/tests/contacts.rs"
  source@1-87
  source@88-174
  source@175-254
  source@255-332
  source@333-376
- "sim/tests/battle_authority.rs"
  source@1-87
  source@88-176
  source@177-242
- "sim/src/village/scripts.rs"
  source@67-159
  source@160-233
  source@234-293
  source@294-375
- "sim/tests/guidance.rs"
  source@1-96
  source@97-173
  source@174-261
  source@262-337
  source@338-412
  source@413-499
  source@500-594
  source@595-680
  source@681-760
  source@761-845
  source@846-917
  source@918-992
  source@993-1018
- "mapgen/README.md"
- "sim/tests/supply.rs"
  source@1-103
  source@104-182
  source@183-262
  source@263-342
  source@343-436
  source@437-540
- "sim/tests/movement_scenarios.rs"
  source@241-322
  source@323-419
  source@420-500
  source@501-577
  source@578-636
  source@637-709
  source@710-781
  source@782-856
  source@857-938
  source@939-1015
  source@1016-1096
  source@1174-1248
  source@1249-1324
  source@1325-1390
  source@1609-1684
  source@1761-1852
  source@1853-1939
  source@1940-2030
  source@2031-2091
- "sim/tests/fire_through.rs"
  source@1-95
  source@96-178
  source@179-253
  source@254-334
  source@335-416
  source@417-495
  source@496-534
- "sim/tests/movement.rs"
  source@201-300
  source@301-378
  source@379-435
- "sim/tests/animation_feed.rs"
  source@1-81
  source@82-149
  source@150-225
  source@226-305
  source@306-392
  source@393-426
- "sim/tests/destruction.rs"
  source@1-91
  source@92-178
  source@179-259
  source@260-333
  source@334-340
- "sim/examples/navigation_equivalence.rs"
  source@65-119
  source@120-179
  source@180-242
- "sim/examples/village_report.rs"
  source@174-269
- "sim/examples/ground_resources.rs"
- "sim/examples/endurance_report.rs"
  source@1-60
  source@61-128

End context.
