crates/sim/examples/village_report.rs:210:    let fixture = sim::fixtures::village();
crates/sim/src/lean.rs:211:        serde_json::from_value(crate::fixtures::village()["cover"].clone()).unwrap()
crates/sim/src/ground.rs:803:            serde_json::from_str(include_str!("../../../fixtures/village.json")).unwrap();
crates/sim/examples/navigation_equivalence.rs:47:        serde_json::from_value(sim::fixtures::village()).unwrap();
crates/sim/examples/endurance_report.rs:26:    let fixture = sim::fixtures::village();
crates/sim/examples/ricochet_trace.rs:31:    let fixture = sim::fixtures::village();
crates/sim/examples/ground_resources.rs:98:    let fixture = sim::fixtures::village();
crates/sim/examples/navigation_resources.rs:79:    let rules: Rules = serde_json::from_value(sim::fixtures::village()).unwrap();
crates/sim/tests/world_geometry.rs:8:    serde_json::from_str(include_str!("../../../fixtures/geometry-lab.json")).unwrap()
crates/sim/tests/catalog.rs:17:    let family: Value = serde_json::from_str(include_str!("fixtures/m1-family.json")).unwrap();
crates/sim/tests/sensing.rs:8:const MAP: &str = include_str!("../../../fixtures/sensors-lab.json");
crates/sim/tests/common/mod.rs:25:    sim::fixtures::village()
crates/sim/tests/common/mod.rs:279:pub const GEOMETRY_LAB: &str = include_str!("../../../../fixtures/geometry-lab.json");
crates/sim/tests/common/mod.rs:280:pub const MOVEMENT_LAB: &str = include_str!("../../../../fixtures/movement-lab.json");
crates/sim/tests/drive.rs:12:    sim::fixtures::village()
crates/sim/tests/contacts.rs:8:const MAP: &str = include_str!("../../../fixtures/sensors-lab.json");
crates/sim/tests/sight.rs:224:    let map = include_str!("../../../fixtures/garrison-lab.json");
crates/sim/tests/order_markers.rs:14:    sim::fixtures::village()
crates/sim/tests/movement_scenarios.rs:288:        serde_json::from_str(include_str!("../../../fixtures/village.json")).unwrap();
crates/sim/tests/movement_scenarios.rs:1812:    let mut rules = sim::fixtures::village();
crates/sim/tests/movement_scenarios.rs:2622:    let rules = serde_json::from_value(sim::fixtures::village()).unwrap();
crates/contract/tests/templates.rs:10:        serde_json::from_str(include_str!("../../../fixtures/village.json")).unwrap();
