apps/battle-lab/src/scenarios.ts:3:import village from "@fixtures/village.json";
apps/battle-lab/src/routes/contacts.tsx:5:import sensorsMap from "@fixtures/sensors-lab.json";
apps/battle-lab/src/routes/village.tsx:2:import village from "@fixtures/village.json";
apps/battle-lab/src/routes/geometry.tsx:9:import geometryMap from "@fixtures/geometry-lab.json";
apps/battle-lab/src/routes/deployment.tsx:6:import deploymentMap from "@fixtures/deployment-lab.json";
apps/battle-lab/src/routes/consequences.tsx:7:import consequencesMap from "@fixtures/consequences-lab.json";
apps/battle-lab/src/routes/workbench.tsx:49:import village from "@fixtures/village.json";
apps/battle-lab/src/villageBiome.ts:4:import summer from "@fixtures/biomes/summer.json";
apps/battle-lab/src/routes/authority.tsx:5:import geometryMap from "@fixtures/geometry-lab.json";
apps/battle-lab/src/villageModels.ts:4:import village from "@fixtures/village.json";
apps/battle-lab/src/routes/foundation.tsx:2:import village from "@fixtures/village.json";
apps/battle-lab/src/routes/ambush.tsx:8:import ambushMap from "@fixtures/ambush-lab.json";
web/src/battle/input/reverseZone.ts:6:import village from "@fixtures/village.json";
apps/battle-lab/src/routes/benchmark.tsx:5:import village from "@fixtures/village.json";
apps/battle-lab/src/routes/weapons.tsx:7:import weaponsMap from "@fixtures/weapons-lab.json";
apps/battle-lab/src/villageOverlay.ts:5:import village from "@fixtures/village.json";
apps/battle-lab/src/routes/fogLook.tsx:22:import village from "@fixtures/village.json";
apps/battle-lab/src/routes/fogLook.tsx:428:        <div className="lab-hint">Paste over `presentation.fog` in fixtures/village.json.</div>
apps/battle-lab/src/effectFeed.ts:7:import village from "@fixtures/village.json";
apps/battle-lab/src/routes/endurance.tsx:6:import village from "@fixtures/village.json";
apps/battle-lab/src/poseFeed.ts:12:import village from "@fixtures/village.json";
apps/battle-lab/src/routes/supply.tsx:7:import supplyMap from "@fixtures/supply-lab.json";
apps/battle-lab/src/routes/sensors.tsx:5:import sensorsMap from "@fixtures/sensors-lab.json";
apps/battle-lab/src/routes/fog.tsx:12:import village from "@fixtures/village.json";
apps/battle-lab/src/soundFirefight.ts:12:import village from "@fixtures/village.json";
apps/battle-lab/src/routes/ground.tsx:8:import village from "@fixtures/village.json";
apps/battle-lab/src/routes/ground.tsx:9:import groundMap from "@fixtures/ground-lab.json";
apps/battle-lab/src/routes/ground.tsx:178:      map={village.map}
apps/battle-lab/src/workbench/benchWorld.ts:8:import village from "@fixtures/village.json";
apps/battle-lab/src/workbench/benchWorld.ts:194:    ...village.map.props,
apps/battle-lab/src/workbench/benchWorld.ts:195:    ...village.map.buildings.flatMap((b) => b.geometry.parts.map((p) => ({ ...p, kind: b.kind }))),
apps/battle-lab/src/workbench/benchWorld.ts:259:    const forest = village.map.forests[0];
apps/battle-lab/src/villageLight.ts:3:import village from "@fixtures/village.json";
apps/battle-lab/src/villageCamera.ts:2:import village from "@fixtures/village.json";
apps/battle-lab/src/workbench/feedReplay.ts:14:import village from "@fixtures/village.json";
apps/battle-lab/src/routes/panels.tsx:6:import village from "@fixtures/village.json";
web/src/battle/present/captions.tsx:9:import village from "@fixtures/village.json";
apps/battle-lab/src/routes/movement.tsx:5:import movementMap from "@fixtures/movement-lab.json";
apps/battle-lab/src/soundFeed.ts:6:import village from "@fixtures/village.json";
apps/battle-lab/src/routes/ballistics.tsx:11:import geometryMap from "@fixtures/geometry-lab.json";
apps/battle-lab/src/routes/ballistics.tsx:12:import village from "@fixtures/village.json";
apps/battle-lab/src/routes/readouts.tsx:5:import readoutsMap from "@fixtures/readouts-lab.json";
apps/battle-lab/src/routes/garrison.tsx:7:import garrisonMap from "@fixtures/garrison-lab.json";
apps/battle-lab/src/villageFog.ts:6:import village from "@fixtures/village.json";
web/src/battle/present/hudTheme.ts:7:import village from "@fixtures/village.json";
web/asset.mjs:69:const FIXTURE = join(ROOT, "fixtures/village.json");
web/tests/effectFrame.test.ts:11:import village from "@fixtures/village.json";
packages/scene-assets/src/shippedUnits.ts:3:import view from "@fixtures/catalog.json";
web/scenes/_battleLook.mjs:175:  const wood = village.map.forests[0].rect;
web/tests/readoutAnchors.test.tsx:5:import village from "@fixtures/village.json";
web/scenes/_units.mjs:2:// (`fixtures/village.json`), and the catalog, the simulation's resolved view
web/scenes/_units.mjs:7:/** `fixtures/village.json`. */
web/scenes/_units.mjs:9:  await readFile(new URL("../../fixtures/village.json", import.meta.url), "utf8"),
web/tests/ground.test.ts:13:import groundMap from "@fixtures/ground-lab.json";
web/scenes/village.mjs:51:const roadStrokes = village.map.surfaces
web/scenes/village.mjs:139:  [...village.map.props, ...village.map.buildings.flatMap((b) => b.geometry.parts)].some(
web/scenes/village.mjs:164:      village.map.forests.some((f) => insideRect(c.root, f.rect)),
web/scenes/village.mjs:513:  const [x0, y0] = village.map.forests[0].rect;
web/scenes/village.mjs:760:  const houses = village.map.buildings.flatMap((b) => b.geometry.parts);
web/scenes/village.mjs:847:  const open = (b) => !village.map.forests.some((f) => insideRect(b.point, f.rect));
web/scenes/village.mjs:2232:  const works = village.map.props.filter((p) => look[p.kind]);
web/scenes/village.mjs:2682:  const [mx, my] = village.map.size.map((v) => v / 2);
web/tests/grass.test.ts:31:import summer from "@fixtures/biomes/summer.json";
web/tests/grass.test.ts:32:import village from "@fixtures/village.json";
web/tests/surfaces.test.ts:5:import summer from "@fixtures/biomes/summer.json";
web/tests/hudTheme.test.ts:15:import village from "../../fixtures/village.json";
web/tests/observation.test.ts:12:import sensors from "@fixtures/sensors-lab.json";
web/tests/observation.test.ts:13:import weaponsMap from "@fixtures/weapons-lab.json";
web/tests/observation.test.ts:14:import deploymentMap from "@fixtures/deployment-lab.json";
web/tests/observation.test.ts:15:import village from "@fixtures/village.json";
web/tests/orderOverlay.test.ts:24:import village from "../../fixtures/village.json";
web/tests/modelDetail.test.ts:7:import village from "@fixtures/village.json";
web/tests/reverseZone.test.ts:4:import village from "@fixtures/village.json";
web/tests/panelWorkbench.test.ts:5:import village from "@fixtures/village.json";
web/tests/fogStyle.test.ts:16:import village from "@fixtures/village.json";
web/tests/icons.test.ts:8:import village from "@fixtures/village.json";
web/tests/scars.test.ts:20:import groundMap from "@fixtures/ground-lab.json";
packages/battle-renderer/src/light/sceneLight.ts:80:/** `presentation.light` in `fixtures/village.json`. */
web/tests/poseFeed.test.ts:6:import village from "@fixtures/village.json";
web/tests/fog.test.ts:36:import sensors from "@fixtures/sensors-lab.json";
web/tests/fog.test.ts:37:import village from "@fixtures/village.json";
web/tests/fog.test.ts:165:  const { exports, layout } = staticWorld(village.map);
web/tests/worldMesh.test.ts:10:import summer from "@fixtures/biomes/summer.json";
web/tests/strokeWidth.test.ts:8:import village from "../../fixtures/village.json";
web/tests/rangeRuler.test.ts:5:import village from "@fixtures/village.json";
web/tests/scenery.test.ts:22:import summer from "@fixtures/biomes/summer.json";
web/tests/scenery.test.ts:23:import village from "@fixtures/village.json";
web/tests/scenery.test.ts:42:  view = new WorldView(JSON.stringify(village.map), JSON.stringify(VILLAGE_RULES));
web/tests/scenery.test.ts:88:  village.map.forests.map((f) => ({
web/tests/light.test.ts:5:import village from "@fixtures/village.json";
web/tests/light.test.ts:57:const [MAP_W, MAP_H] = village.map.size;
web/tests/vehicleRig.test.ts:7:import village from "@fixtures/village.json";
web/tests/readouts.test.ts:6:import geometry from "@fixtures/geometry-lab.json";
web/tests/soundFrame.test.ts:10:import village from "@fixtures/village.json";
web/tests/terrainSurface.test.ts:20:import summer from "@fixtures/biomes/summer.json";
web/tests/terrainSurface.test.ts:21:import village from "@fixtures/village.json";
web/tests/terrainSurface.test.ts:22:import geometry from "@fixtures/geometry-lab.json";
web/tests/terrainSurface.test.ts:177:  const { view, exports } = world(village.map);
web/tests/terrainSurface.test.ts:201:  for (const map of [geometry, village.map]) {
web/tests/terrainSurface.test.ts:242:  const { exports } = world(village.map);
web/tests/terrainSurface.test.ts:259:  const { exports } = world(village.map);
web/tests/terrainSurface.test.ts:279:  const { exports } = world(village.map);
web/tests/terrainSurface.test.ts:282:  const houses = village.map.buildings.flatMap((b) => b.geometry.parts);
web/tests/terrainSurface.test.ts:288:  const { exports } = world(village.map);
web/tests/poseDriver.test.ts:5:import village from "@fixtures/village.json";
web/tests/picking.test.ts:8:import village from "@fixtures/village.json";
web/tests/authority.test.ts:15:import village from "@fixtures/village.json";
web/tests/authority.test.ts:16:import geometry from "@fixtures/geometry-lab.json";
web/tests/sceneAssets/catalogFootprints.test.ts:15:const village = read("../../../fixtures/village.json");
web/tests/sceneAssets/catalogFootprints.test.ts:20:  village.map.buildings as { geometry: { parts: { half_extents: number[] }[] } }[]
