warning: fields `points`, `cost`, `nodes`, `relaxed`, and `index` are never read
  --> throwaway/navigation-counted/reference_graph.rs:40:9
   |
39 | pub struct Route {
   |            ----- fields in this struct
40 |     pub points: Vec<Point>,
   |         ^^^^^^
41 |     pub cost: f64,
   |         ^^^^
42 |     pub nodes: usize,
   |         ^^^^^
43 |     pub relaxed: usize,
   |         ^^^^^^^
44 |     pub index: Metrics,
   |         ^^^^^
   |
   = note: `Route` has a derived impl for the trait `Debug`, but this is intentionally ignored during dead code analysis
   = note: `#[warn(dead_code)]` (part of `#[warn(unused)]`) on by default

warning: function `auto_road_leg` is never used
  --> throwaway/navigation-counted/reference_graph.rs:46:8
   |
46 | pub fn auto_road_leg(a: Point, b: Point, trial_trigger_m: f64) -> bool {
   |        ^^^^^^^^^^^^^

warning: 2 warnings emitted
