warning: method `physical_context` is never used
   --> throwaway/navigation-counted/core.rs:431:12
    |
178 | impl<P: Physical> Request<P> {
    | ---------------------------- method in this implementation
...
431 |     pub fn physical_context(&self) -> &P {
    |            ^^^^^^^^^^^^^^^^
    |
    = note: `#[warn(dead_code)]` (part of `#[warn(unused)]`) on by default

warning: field `start` is never read
  --> throwaway/navigation-counted/intent.rs:16:9
   |
15 | pub struct ReplanIntent {
   |            ------------ field in this struct
16 |     pub start: Point,
   |         ^^^^^
   |
   = note: `ReplanIntent` has derived impls for the traits `Debug` and `Clone`, but these are intentionally ignored during dead code analysis

warning: field `preparation` is never read
  --> throwaway/navigation-counted/topology.rs:43:9
   |
37 | pub struct Prepared {
   |            -------- field in this struct
...
43 |     pub preparation: Preparation,
   |         ^^^^^^^^^^^

warning: field `pairs` is never read
 --> throwaway/navigation-counted/road_index.rs:6:9
  |
3 | pub struct Metrics {
  |            ------- field in this struct
...
6 |     pub pairs: usize,
  |         ^^^^^
  |
  = note: `Metrics` has derived impls for the traits `Debug` and `Clone`, but these are intentionally ignored during dead code analysis

warning: method `near` is never used
   --> throwaway/navigation-counted/road_index.rs:124:12
    |
 25 | impl RoadIndex {
    | -------------- method in this implementation
...
124 |     pub fn near(&self, p: Point, radius: f64, metrics: &mut Metrics) -> Vec<usize> {
    |            ^^^^

warning: 5 warnings emitted
